Copyright 1986-2020 Xilinx, Inc. All Rights Reserved.
-----------------------------------------------------------------------------------------------------------------------------------------------------------------
| Tool Version : Vivado v.2020.2 (win64) Build 3064766 Wed Nov 18 09:12:45 MST 2020
| Date         : Mon Dec  2 13:39:37 2024
| Host         : DESKTOP-7CFQ9ND running 64-bit major release  (build 9200)
| Command      : report_methodology -file top_dht11_methodology_drc_routed.rpt -pb top_dht11_methodology_drc_routed.pb -rpx top_dht11_methodology_drc_routed.rpx
| Design       : top_dht11
| Device       : xc7a35tcpg236-1
| Speed File   : -1
| Design State : Fully Routed
-----------------------------------------------------------------------------------------------------------------------------------------------------------------

Report Methodology

Table of Contents
-----------------
1. REPORT SUMMARY
2. REPORT DETAILS

1. REPORT SUMMARY
-----------------
            Netlist: netlist
          Floorplan: design_1
      Design limits: <entire design considered>
             Max violations: <unlimited>
             Violations found: 150
+-----------+------------------+-------------------------------------------------+------------+
| Rule      | Severity         | Description                                     | Violations |
+-----------+------------------+-------------------------------------------------+------------+
| TIMING-17 | Critical Warning | Non-clocked sequential cell                     | 35         |
| LUTAR-1   | Warning          | LUT drives async reset alert                    | 4          |
| PDRC-190  | Warning          | Suboptimally placed synchronized register chain | 10         |
| TIMING-18 | Warning          | Missing input or output delay                   | 16         |
| TIMING-20 | Warning          | Non-clocked latch                               | 85         |
+-----------+------------------+-------------------------------------------------+------------+

2. REPORT DETAILS
-----------------
TIMING-17#1 Critical Warning
Non-clocked sequential cell  
The clock pin U_fnd_controller/U_counter/counter_reg[0]/C is not reached by a timing clock
Related violations: <none>

TIMING-17#2 Critical Warning
Non-clocked sequential cell  
The clock pin U_fnd_controller/U_counter/counter_reg[1]/C is not reached by a timing clock
Related violations: <none>

TIMING-17#3 Critical Warning
Non-clocked sequential cell  
The clock pin U_fnd_controller/U_counter/counter_reg[2]/C is not reached by a timing clock
Related violations: <none>

TIMING-17#4 Critical Warning
Non-clocked sequential cell  
The clock pin U_stopwatch_clock/U_button0_detector/q_reg_reg[0]/C is not reached by a timing clock
Related violations: <none>

TIMING-17#5 Critical Warning
Non-clocked sequential cell  
The clock pin U_stopwatch_clock/U_button0_detector/q_reg_reg[1]/C is not reached by a timing clock
Related violations: <none>

TIMING-17#6 Critical Warning
Non-clocked sequential cell  
The clock pin U_stopwatch_clock/U_button0_detector/q_reg_reg[2]/C is not reached by a timing clock
Related violations: <none>

TIMING-17#7 Critical Warning
Non-clocked sequential cell  
The clock pin U_stopwatch_clock/U_button0_detector/q_reg_reg[3]/C is not reached by a timing clock
Related violations: <none>

TIMING-17#8 Critical Warning
Non-clocked sequential cell  
The clock pin U_stopwatch_clock/U_button0_detector/q_reg_reg[4]/C is not reached by a timing clock
Related violations: <none>

TIMING-17#9 Critical Warning
Non-clocked sequential cell  
The clock pin U_stopwatch_clock/U_button0_detector/q_reg_reg[5]/C is not reached by a timing clock
Related violations: <none>

TIMING-17#10 Critical Warning
Non-clocked sequential cell  
The clock pin U_stopwatch_clock/U_button0_detector/q_reg_reg[6]/C is not reached by a timing clock
Related violations: <none>

TIMING-17#11 Critical Warning
Non-clocked sequential cell  
The clock pin U_stopwatch_clock/U_button0_detector/q_reg_reg[7]/C is not reached by a timing clock
Related violations: <none>

TIMING-17#12 Critical Warning
Non-clocked sequential cell  
The clock pin U_stopwatch_clock/U_button1_detector/q_reg_reg[0]/C is not reached by a timing clock
Related violations: <none>

TIMING-17#13 Critical Warning
Non-clocked sequential cell  
The clock pin U_stopwatch_clock/U_button1_detector/q_reg_reg[1]/C is not reached by a timing clock
Related violations: <none>

TIMING-17#14 Critical Warning
Non-clocked sequential cell  
The clock pin U_stopwatch_clock/U_button1_detector/q_reg_reg[2]/C is not reached by a timing clock
Related violations: <none>

TIMING-17#15 Critical Warning
Non-clocked sequential cell  
The clock pin U_stopwatch_clock/U_button1_detector/q_reg_reg[3]/C is not reached by a timing clock
Related violations: <none>

TIMING-17#16 Critical Warning
Non-clocked sequential cell  
The clock pin U_stopwatch_clock/U_button1_detector/q_reg_reg[4]/C is not reached by a timing clock
Related violations: <none>

TIMING-17#17 Critical Warning
Non-clocked sequential cell  
The clock pin U_stopwatch_clock/U_button1_detector/q_reg_reg[5]/C is not reached by a timing clock
Related violations: <none>

TIMING-17#18 Critical Warning
Non-clocked sequential cell  
The clock pin U_stopwatch_clock/U_button1_detector/q_reg_reg[6]/C is not reached by a timing clock
Related violations: <none>

TIMING-17#19 Critical Warning
Non-clocked sequential cell  
The clock pin U_stopwatch_clock/U_button1_detector/q_reg_reg[7]/C is not reached by a timing clock
Related violations: <none>

TIMING-17#20 Critical Warning
Non-clocked sequential cell  
The clock pin U_stopwatch_clock/U_button2_detector/q_reg_reg[0]/C is not reached by a timing clock
Related violations: <none>

TIMING-17#21 Critical Warning
Non-clocked sequential cell  
The clock pin U_stopwatch_clock/U_button2_detector/q_reg_reg[1]/C is not reached by a timing clock
Related violations: <none>

TIMING-17#22 Critical Warning
Non-clocked sequential cell  
The clock pin U_stopwatch_clock/U_button2_detector/q_reg_reg[2]/C is not reached by a timing clock
Related violations: <none>

TIMING-17#23 Critical Warning
Non-clocked sequential cell  
The clock pin U_stopwatch_clock/U_button2_detector/q_reg_reg[3]/C is not reached by a timing clock
Related violations: <none>

TIMING-17#24 Critical Warning
Non-clocked sequential cell  
The clock pin U_stopwatch_clock/U_button2_detector/q_reg_reg[4]/C is not reached by a timing clock
Related violations: <none>

TIMING-17#25 Critical Warning
Non-clocked sequential cell  
The clock pin U_stopwatch_clock/U_button2_detector/q_reg_reg[5]/C is not reached by a timing clock
Related violations: <none>

TIMING-17#26 Critical Warning
Non-clocked sequential cell  
The clock pin U_stopwatch_clock/U_button2_detector/q_reg_reg[6]/C is not reached by a timing clock
Related violations: <none>

TIMING-17#27 Critical Warning
Non-clocked sequential cell  
The clock pin U_stopwatch_clock/U_button2_detector/q_reg_reg[7]/C is not reached by a timing clock
Related violations: <none>

TIMING-17#28 Critical Warning
Non-clocked sequential cell  
The clock pin U_ultrasonic_button_detector/q_reg_reg[0]/C is not reached by a timing clock
Related violations: <none>

TIMING-17#29 Critical Warning
Non-clocked sequential cell  
The clock pin U_ultrasonic_button_detector/q_reg_reg[1]/C is not reached by a timing clock
Related violations: <none>

TIMING-17#30 Critical Warning
Non-clocked sequential cell  
The clock pin U_ultrasonic_button_detector/q_reg_reg[2]/C is not reached by a timing clock
Related violations: <none>

TIMING-17#31 Critical Warning
Non-clocked sequential cell  
The clock pin U_ultrasonic_button_detector/q_reg_reg[3]/C is not reached by a timing clock
Related violations: <none>

TIMING-17#32 Critical Warning
Non-clocked sequential cell  
The clock pin U_ultrasonic_button_detector/q_reg_reg[4]/C is not reached by a timing clock
Related violations: <none>

TIMING-17#33 Critical Warning
Non-clocked sequential cell  
The clock pin U_ultrasonic_button_detector/q_reg_reg[5]/C is not reached by a timing clock
Related violations: <none>

TIMING-17#34 Critical Warning
Non-clocked sequential cell  
The clock pin U_ultrasonic_button_detector/q_reg_reg[6]/C is not reached by a timing clock
Related violations: <none>

TIMING-17#35 Critical Warning
Non-clocked sequential cell  
The clock pin U_ultrasonic_button_detector/q_reg_reg[7]/C is not reached by a timing clock
Related violations: <none>

LUTAR-1#1 Warning
LUT drives async reset alert  
LUT cell dbg_hub/inst/BSCANID.u_xsdbm_id/CORE_XSDB.UUT_MASTER/U_ICON_INTERFACE/U_CMD6_RD/U_RD_FIFO/SUBCORE_FIFO.xsdbm_v3_0_0_rdfifo_inst/inst_fifo_gen/gconvfifo.rf/grf.rf/rstblk/ngwrdrst.grst.g7serrst.gwrrd_rst_sync_stage[2].rrst_inst/ngwrdrst.grst.g7serrst.rd_rst_reg[2]_i_1, with 2 or more inputs, drives asynchronous preset/clear pin(s) dbg_hub/inst/BSCANID.u_xsdbm_id/CORE_XSDB.UUT_MASTER/U_ICON_INTERFACE/U_CMD6_RD/U_RD_FIFO/SUBCORE_FIFO.xsdbm_v3_0_0_rdfifo_inst/inst_fifo_gen/gconvfifo.rf/grf.rf/rstblk/ngwrdrst.grst.g7serrst.rd_rst_reg_reg[0]/PRE,
dbg_hub/inst/BSCANID.u_xsdbm_id/CORE_XSDB.UUT_MASTER/U_ICON_INTERFACE/U_CMD6_RD/U_RD_FIFO/SUBCORE_FIFO.xsdbm_v3_0_0_rdfifo_inst/inst_fifo_gen/gconvfifo.rf/grf.rf/rstblk/ngwrdrst.grst.g7serrst.rd_rst_reg_reg[1]/PRE
dbg_hub/inst/BSCANID.u_xsdbm_id/CORE_XSDB.UUT_MASTER/U_ICON_INTERFACE/U_CMD6_RD/U_RD_FIFO/SUBCORE_FIFO.xsdbm_v3_0_0_rdfifo_inst/inst_fifo_gen/gconvfifo.rf/grf.rf/rstblk/ngwrdrst.grst.g7serrst.rd_rst_reg_reg[2]/PRE. The LUT may glitch and trigger an unexpected reset, even if it is a properly timed path.
Related violations: <none>

LUTAR-1#2 Warning
LUT drives async reset alert  
LUT cell dbg_hub/inst/BSCANID.u_xsdbm_id/CORE_XSDB.UUT_MASTER/U_ICON_INTERFACE/U_CMD6_RD/U_RD_FIFO/SUBCORE_FIFO.xsdbm_v3_0_0_rdfifo_inst/inst_fifo_gen/gconvfifo.rf/grf.rf/rstblk/ngwrdrst.grst.g7serrst.gwrrd_rst_sync_stage[2].wrst_inst/ngwrdrst.grst.g7serrst.wr_rst_reg[2]_i_1, with 2 or more inputs, drives asynchronous preset/clear pin(s) dbg_hub/inst/BSCANID.u_xsdbm_id/CORE_XSDB.UUT_MASTER/U_ICON_INTERFACE/U_CMD6_RD/U_RD_FIFO/SUBCORE_FIFO.xsdbm_v3_0_0_rdfifo_inst/inst_fifo_gen/gconvfifo.rf/grf.rf/rstblk/ngwrdrst.grst.g7serrst.wr_rst_reg_reg[0]/PRE,
dbg_hub/inst/BSCANID.u_xsdbm_id/CORE_XSDB.UUT_MASTER/U_ICON_INTERFACE/U_CMD6_RD/U_RD_FIFO/SUBCORE_FIFO.xsdbm_v3_0_0_rdfifo_inst/inst_fifo_gen/gconvfifo.rf/grf.rf/rstblk/ngwrdrst.grst.g7serrst.wr_rst_reg_reg[1]/PRE
dbg_hub/inst/BSCANID.u_xsdbm_id/CORE_XSDB.UUT_MASTER/U_ICON_INTERFACE/U_CMD6_RD/U_RD_FIFO/SUBCORE_FIFO.xsdbm_v3_0_0_rdfifo_inst/inst_fifo_gen/gconvfifo.rf/grf.rf/rstblk/ngwrdrst.grst.g7serrst.wr_rst_reg_reg[2]/PRE. The LUT may glitch and trigger an unexpected reset, even if it is a properly timed path.
Related violations: <none>

LUTAR-1#3 Warning
LUT drives async reset alert  
LUT cell dbg_hub/inst/BSCANID.u_xsdbm_id/CORE_XSDB.UUT_MASTER/U_ICON_INTERFACE/U_CMD6_WR/U_WR_FIFO/SUBCORE_FIFO.xsdbm_v3_0_0_wrfifo_inst/inst_fifo_gen/gconvfifo.rf/grf.rf/rstblk/ngwrdrst.grst.g7serrst.gwrrd_rst_sync_stage[2].rrst_inst/ngwrdrst.grst.g7serrst.rd_rst_reg[2]_i_1, with 2 or more inputs, drives asynchronous preset/clear pin(s) dbg_hub/inst/BSCANID.u_xsdbm_id/CORE_XSDB.UUT_MASTER/U_ICON_INTERFACE/U_CMD6_WR/U_WR_FIFO/SUBCORE_FIFO.xsdbm_v3_0_0_wrfifo_inst/inst_fifo_gen/gconvfifo.rf/grf.rf/rstblk/ngwrdrst.grst.g7serrst.rd_rst_reg_reg[0]/PRE,
dbg_hub/inst/BSCANID.u_xsdbm_id/CORE_XSDB.UUT_MASTER/U_ICON_INTERFACE/U_CMD6_WR/U_WR_FIFO/SUBCORE_FIFO.xsdbm_v3_0_0_wrfifo_inst/inst_fifo_gen/gconvfifo.rf/grf.rf/rstblk/ngwrdrst.grst.g7serrst.rd_rst_reg_reg[1]/PRE
dbg_hub/inst/BSCANID.u_xsdbm_id/CORE_XSDB.UUT_MASTER/U_ICON_INTERFACE/U_CMD6_WR/U_WR_FIFO/SUBCORE_FIFO.xsdbm_v3_0_0_wrfifo_inst/inst_fifo_gen/gconvfifo.rf/grf.rf/rstblk/ngwrdrst.grst.g7serrst.rd_rst_reg_reg[2]/PRE. The LUT may glitch and trigger an unexpected reset, even if it is a properly timed path.
Related violations: <none>

LUTAR-1#4 Warning
LUT drives async reset alert  
LUT cell dbg_hub/inst/BSCANID.u_xsdbm_id/CORE_XSDB.UUT_MASTER/U_ICON_INTERFACE/U_CMD6_WR/U_WR_FIFO/SUBCORE_FIFO.xsdbm_v3_0_0_wrfifo_inst/inst_fifo_gen/gconvfifo.rf/grf.rf/rstblk/ngwrdrst.grst.g7serrst.gwrrd_rst_sync_stage[2].wrst_inst/ngwrdrst.grst.g7serrst.wr_rst_reg[2]_i_1, with 2 or more inputs, drives asynchronous preset/clear pin(s) dbg_hub/inst/BSCANID.u_xsdbm_id/CORE_XSDB.UUT_MASTER/U_ICON_INTERFACE/U_CMD6_WR/U_WR_FIFO/SUBCORE_FIFO.xsdbm_v3_0_0_wrfifo_inst/inst_fifo_gen/gconvfifo.rf/grf.rf/rstblk/ngwrdrst.grst.g7serrst.wr_rst_reg_reg[0]/PRE,
dbg_hub/inst/BSCANID.u_xsdbm_id/CORE_XSDB.UUT_MASTER/U_ICON_INTERFACE/U_CMD6_WR/U_WR_FIFO/SUBCORE_FIFO.xsdbm_v3_0_0_wrfifo_inst/inst_fifo_gen/gconvfifo.rf/grf.rf/rstblk/ngwrdrst.grst.g7serrst.wr_rst_reg_reg[1]/PRE
dbg_hub/inst/BSCANID.u_xsdbm_id/CORE_XSDB.UUT_MASTER/U_ICON_INTERFACE/U_CMD6_WR/U_WR_FIFO/SUBCORE_FIFO.xsdbm_v3_0_0_wrfifo_inst/inst_fifo_gen/gconvfifo.rf/grf.rf/rstblk/ngwrdrst.grst.g7serrst.wr_rst_reg_reg[2]/PRE. The LUT may glitch and trigger an unexpected reset, even if it is a properly timed path.
Related violations: <none>

PDRC-190#1 Warning
Suboptimally placed synchronized register chain  
The FDRE cell dbg_hub/inst/BSCANID.u_xsdbm_id/CORE_XSDB.UUT_MASTER/U_ICON_INTERFACE/U_CMD2/stat_reg_reg[0] in site SLICE_X59Y4 is part of a synchronized register chain that is suboptimally placed as the load FDRE cell dbg_hub/inst/BSCANID.u_xsdbm_id/CORE_XSDB.UUT_MASTER/U_ICON_INTERFACE/U_CMD2/stat_reg_1_reg[0] is not placed in the same (SLICE) site.
Related violations: <none>

PDRC-190#2 Warning
Suboptimally placed synchronized register chain  
The FDRE cell dbg_hub/inst/BSCANID.u_xsdbm_id/CORE_XSDB.UUT_MASTER/U_ICON_INTERFACE/U_CMD2/stat_reg_reg[1] in site SLICE_X61Y4 is part of a synchronized register chain that is suboptimally placed as the load FDRE cell dbg_hub/inst/BSCANID.u_xsdbm_id/CORE_XSDB.UUT_MASTER/U_ICON_INTERFACE/U_CMD2/stat_reg_1_reg[1] is not placed in the same (SLICE) site.
Related violations: <none>

PDRC-190#3 Warning
Suboptimally placed synchronized register chain  
The FDRE cell dbg_hub/inst/BSCANID.u_xsdbm_id/CORE_XSDB.UUT_MASTER/U_ICON_INTERFACE/U_CMD2/stat_reg_reg[2] in site SLICE_X63Y4 is part of a synchronized register chain that is suboptimally placed as the load FDRE cell dbg_hub/inst/BSCANID.u_xsdbm_id/CORE_XSDB.UUT_MASTER/U_ICON_INTERFACE/U_CMD2/stat_reg_1_reg[2] is not placed in the same (SLICE) site.
Related violations: <none>

PDRC-190#4 Warning
Suboptimally placed synchronized register chain  
The FDRE cell dbg_hub/inst/BSCANID.u_xsdbm_id/CORE_XSDB.UUT_MASTER/U_ICON_INTERFACE/U_CMD2/stat_reg_reg[3] in site SLICE_X60Y3 is part of a synchronized register chain that is suboptimally placed as the load FDRE cell dbg_hub/inst/BSCANID.u_xsdbm_id/CORE_XSDB.UUT_MASTER/U_ICON_INTERFACE/U_CMD2/stat_reg_1_reg[3] is not placed in the same (SLICE) site.
Related violations: <none>

PDRC-190#5 Warning
Suboptimally placed synchronized register chain  
The FDRE cell dbg_hub/inst/BSCANID.u_xsdbm_id/CORE_XSDB.UUT_MASTER/U_ICON_INTERFACE/U_CMD3/stat_reg_reg[0] in site SLICE_X60Y5 is part of a synchronized register chain that is suboptimally placed as the load FDRE cell dbg_hub/inst/BSCANID.u_xsdbm_id/CORE_XSDB.UUT_MASTER/U_ICON_INTERFACE/U_CMD3/stat_reg_1_reg[0] is not placed in the same (SLICE) site.
Related violations: <none>

PDRC-190#6 Warning
Suboptimally placed synchronized register chain  
The FDRE cell dbg_hub/inst/BSCANID.u_xsdbm_id/CORE_XSDB.UUT_MASTER/U_ICON_INTERFACE/U_CMD3/stat_reg_reg[1] in site SLICE_X60Y9 is part of a synchronized register chain that is suboptimally placed as the load FDRE cell dbg_hub/inst/BSCANID.u_xsdbm_id/CORE_XSDB.UUT_MASTER/U_ICON_INTERFACE/U_CMD3/stat_reg_1_reg[1] is not placed in the same (SLICE) site.
Related violations: <none>

PDRC-190#7 Warning
Suboptimally placed synchronized register chain  
The FDRE cell dbg_hub/inst/BSCANID.u_xsdbm_id/CORE_XSDB.UUT_MASTER/U_ICON_INTERFACE/U_CMD3/stat_reg_reg[2] in site SLICE_X58Y3 is part of a synchronized register chain that is suboptimally placed as the load FDRE cell dbg_hub/inst/BSCANID.u_xsdbm_id/CORE_XSDB.UUT_MASTER/U_ICON_INTERFACE/U_CMD3/stat_reg_1_reg[2] is not placed in the same (SLICE) site.
Related violations: <none>

PDRC-190#8 Warning
Suboptimally placed synchronized register chain  
The FDRE cell dbg_hub/inst/BSCANID.u_xsdbm_id/CORE_XSDB.UUT_MASTER/U_ICON_INTERFACE/U_CMD7_STAT/stat_reg_reg[0] in site SLICE_X50Y4 is part of a synchronized register chain that is suboptimally placed as the load FDRE cell dbg_hub/inst/BSCANID.u_xsdbm_id/CORE_XSDB.UUT_MASTER/U_ICON_INTERFACE/U_CMD7_STAT/stat_reg_1_reg[0] is not placed in the same (SLICE) site.
Related violations: <none>

PDRC-190#9 Warning
Suboptimally placed synchronized register chain  
The FDRE cell dbg_hub/inst/BSCANID.u_xsdbm_id/CORE_XSDB.UUT_MASTER/U_ICON_INTERFACE/U_CMD7_STAT/stat_reg_reg[1] in site SLICE_X51Y4 is part of a synchronized register chain that is suboptimally placed as the load FDRE cell dbg_hub/inst/BSCANID.u_xsdbm_id/CORE_XSDB.UUT_MASTER/U_ICON_INTERFACE/U_CMD7_STAT/stat_reg_1_reg[1] is not placed in the same (SLICE) site.
Related violations: <none>

PDRC-190#10 Warning
Suboptimally placed synchronized register chain  
The FDRE cell dbg_hub/inst/BSCANID.u_xsdbm_id/CORE_XSDB.UUT_MASTER/U_ICON_INTERFACE/U_CMD7_STAT/stat_reg_reg[2] in site SLICE_X51Y2 is part of a synchronized register chain that is suboptimally placed as the load FDRE cell dbg_hub/inst/BSCANID.u_xsdbm_id/CORE_XSDB.UUT_MASTER/U_ICON_INTERFACE/U_CMD7_STAT/stat_reg_1_reg[2] is not placed in the same (SLICE) site.
Related violations: <none>

TIMING-18#1 Warning
Missing input or output delay  
An input delay is missing on echopulse relative to clock(s) sys_clk_pin
Related violations: <none>

TIMING-18#2 Warning
Missing input or output delay  
An input delay is missing on ioport relative to clock(s) sys_clk_pin
Related violations: <none>

TIMING-18#3 Warning
Missing input or output delay  
An input delay is missing on reset relative to clock(s) sys_clk_pin
Related violations: <none>

TIMING-18#4 Warning
Missing input or output delay  
An input delay is missing on rx relative to clock(s) sys_clk_pin
Related violations: <none>

TIMING-18#5 Warning
Missing input or output delay  
An input delay is missing on sw_clock_stopwatch relative to clock(s) sys_clk_pin
Related violations: <none>

TIMING-18#6 Warning
Missing input or output delay  
An input delay is missing on sw_mode relative to clock(s) sys_clk_pin
Related violations: <none>

TIMING-18#7 Warning
Missing input or output delay  
An output delay is missing on fndfont[0] relative to clock(s) sys_clk_pin
Related violations: <none>

TIMING-18#8 Warning
Missing input or output delay  
An output delay is missing on fndfont[1] relative to clock(s) sys_clk_pin
Related violations: <none>

TIMING-18#9 Warning
Missing input or output delay  
An output delay is missing on fndfont[2] relative to clock(s) sys_clk_pin
Related violations: <none>

TIMING-18#10 Warning
Missing input or output delay  
An output delay is missing on fndfont[3] relative to clock(s) sys_clk_pin
Related violations: <none>

TIMING-18#11 Warning
Missing input or output delay  
An output delay is missing on fndfont[4] relative to clock(s) sys_clk_pin
Related violations: <none>

TIMING-18#12 Warning
Missing input or output delay  
An output delay is missing on fndfont[5] relative to clock(s) sys_clk_pin
Related violations: <none>

TIMING-18#13 Warning
Missing input or output delay  
An output delay is missing on fndfont[6] relative to clock(s) sys_clk_pin
Related violations: <none>

TIMING-18#14 Warning
Missing input or output delay  
An output delay is missing on fndfont[7] relative to clock(s) sys_clk_pin
Related violations: <none>

TIMING-18#15 Warning
Missing input or output delay  
An output delay is missing on trigger relative to clock(s) sys_clk_pin
Related violations: <none>

TIMING-18#16 Warning
Missing input or output delay  
An output delay is missing on tx relative to clock(s) sys_clk_pin
Related violations: <none>

TIMING-20#1 Warning
Non-clocked latch  
The latch U_dht11_control/U_count_5sec/start_dht11_next_reg cannot be properly analyzed as its control pin U_dht11_control/U_count_5sec/start_dht11_next_reg/G is not reached by a timing clock
Related violations: <none>

TIMING-20#2 Warning
Non-clocked latch  
The latch U_dht11_control/receive_dht11_data_reg cannot be properly analyzed as its control pin U_dht11_control/receive_dht11_data_reg/G is not reached by a timing clock
Related violations: <none>

TIMING-20#3 Warning
Non-clocked latch  
The latch U_dht_swclock_switch/data_a_reg[0] cannot be properly analyzed as its control pin U_dht_swclock_switch/data_a_reg[0]/G is not reached by a timing clock
Related violations: <none>

TIMING-20#4 Warning
Non-clocked latch  
The latch U_dht_swclock_switch/data_a_reg[1] cannot be properly analyzed as its control pin U_dht_swclock_switch/data_a_reg[1]/G is not reached by a timing clock
Related violations: <none>

TIMING-20#5 Warning
Non-clocked latch  
The latch U_dht_swclock_switch/data_a_reg[2] cannot be properly analyzed as its control pin U_dht_swclock_switch/data_a_reg[2]/G is not reached by a timing clock
Related violations: <none>

TIMING-20#6 Warning
Non-clocked latch  
The latch U_dht_swclock_switch/data_a_reg[3] cannot be properly analyzed as its control pin U_dht_swclock_switch/data_a_reg[3]/G is not reached by a timing clock
Related violations: <none>

TIMING-20#7 Warning
Non-clocked latch  
The latch U_dht_swclock_switch/data_a_reg[4] cannot be properly analyzed as its control pin U_dht_swclock_switch/data_a_reg[4]/G is not reached by a timing clock
Related violations: <none>

TIMING-20#8 Warning
Non-clocked latch  
The latch U_dht_swclock_switch/data_a_reg[5] cannot be properly analyzed as its control pin U_dht_swclock_switch/data_a_reg[5]/G is not reached by a timing clock
Related violations: <none>

TIMING-20#9 Warning
Non-clocked latch  
The latch U_dht_swclock_switch/data_a_reg[6] cannot be properly analyzed as its control pin U_dht_swclock_switch/data_a_reg[6]/G is not reached by a timing clock
Related violations: <none>

TIMING-20#10 Warning
Non-clocked latch  
The latch U_dht_swclock_switch/data_a_reg[7] cannot be properly analyzed as its control pin U_dht_swclock_switch/data_a_reg[7]/G is not reached by a timing clock
Related violations: <none>

TIMING-20#11 Warning
Non-clocked latch  
The latch U_dht_swclock_switch/data_b_reg[0] cannot be properly analyzed as its control pin U_dht_swclock_switch/data_b_reg[0]/G is not reached by a timing clock
Related violations: <none>

TIMING-20#12 Warning
Non-clocked latch  
The latch U_dht_swclock_switch/data_b_reg[1] cannot be properly analyzed as its control pin U_dht_swclock_switch/data_b_reg[1]/G is not reached by a timing clock
Related violations: <none>

TIMING-20#13 Warning
Non-clocked latch  
The latch U_dht_swclock_switch/data_b_reg[2] cannot be properly analyzed as its control pin U_dht_swclock_switch/data_b_reg[2]/G is not reached by a timing clock
Related violations: <none>

TIMING-20#14 Warning
Non-clocked latch  
The latch U_dht_swclock_switch/data_b_reg[3] cannot be properly analyzed as its control pin U_dht_swclock_switch/data_b_reg[3]/G is not reached by a timing clock
Related violations: <none>

TIMING-20#15 Warning
Non-clocked latch  
The latch U_dht_swclock_switch/data_b_reg[4] cannot be properly analyzed as its control pin U_dht_swclock_switch/data_b_reg[4]/G is not reached by a timing clock
Related violations: <none>

TIMING-20#16 Warning
Non-clocked latch  
The latch U_dht_swclock_switch/data_b_reg[5] cannot be properly analyzed as its control pin U_dht_swclock_switch/data_b_reg[5]/G is not reached by a timing clock
Related violations: <none>

TIMING-20#17 Warning
Non-clocked latch  
The latch U_dht_swclock_switch/data_b_reg[6] cannot be properly analyzed as its control pin U_dht_swclock_switch/data_b_reg[6]/G is not reached by a timing clock
Related violations: <none>

TIMING-20#18 Warning
Non-clocked latch  
The latch U_dht_swclock_switch/data_b_reg[7] cannot be properly analyzed as its control pin U_dht_swclock_switch/data_b_reg[7]/G is not reached by a timing clock
Related violations: <none>

TIMING-20#19 Warning
Non-clocked latch  
The latch U_dht_swclock_switch/data_c_reg[0] cannot be properly analyzed as its control pin U_dht_swclock_switch/data_c_reg[0]/G is not reached by a timing clock
Related violations: <none>

TIMING-20#20 Warning
Non-clocked latch  
The latch U_dht_swclock_switch/data_c_reg[1] cannot be properly analyzed as its control pin U_dht_swclock_switch/data_c_reg[1]/G is not reached by a timing clock
Related violations: <none>

TIMING-20#21 Warning
Non-clocked latch  
The latch U_dht_swclock_switch/data_c_reg[2] cannot be properly analyzed as its control pin U_dht_swclock_switch/data_c_reg[2]/G is not reached by a timing clock
Related violations: <none>

TIMING-20#22 Warning
Non-clocked latch  
The latch U_dht_swclock_switch/data_c_reg[3] cannot be properly analyzed as its control pin U_dht_swclock_switch/data_c_reg[3]/G is not reached by a timing clock
Related violations: <none>

TIMING-20#23 Warning
Non-clocked latch  
The latch U_dht_swclock_switch/data_c_reg[4] cannot be properly analyzed as its control pin U_dht_swclock_switch/data_c_reg[4]/G is not reached by a timing clock
Related violations: <none>

TIMING-20#24 Warning
Non-clocked latch  
The latch U_dht_swclock_switch/data_c_reg[5] cannot be properly analyzed as its control pin U_dht_swclock_switch/data_c_reg[5]/G is not reached by a timing clock
Related violations: <none>

TIMING-20#25 Warning
Non-clocked latch  
The latch U_dht_swclock_switch/data_c_reg[6] cannot be properly analyzed as its control pin U_dht_swclock_switch/data_c_reg[6]/G is not reached by a timing clock
Related violations: <none>

TIMING-20#26 Warning
Non-clocked latch  
The latch U_dht_swclock_switch/data_c_reg[7] cannot be properly analyzed as its control pin U_dht_swclock_switch/data_c_reg[7]/G is not reached by a timing clock
Related violations: <none>

TIMING-20#27 Warning
Non-clocked latch  
The latch U_dht_swclock_switch/data_d_reg[0] cannot be properly analyzed as its control pin U_dht_swclock_switch/data_d_reg[0]/G is not reached by a timing clock
Related violations: <none>

TIMING-20#28 Warning
Non-clocked latch  
The latch U_dht_swclock_switch/data_d_reg[1] cannot be properly analyzed as its control pin U_dht_swclock_switch/data_d_reg[1]/G is not reached by a timing clock
Related violations: <none>

TIMING-20#29 Warning
Non-clocked latch  
The latch U_dht_swclock_switch/data_d_reg[2] cannot be properly analyzed as its control pin U_dht_swclock_switch/data_d_reg[2]/G is not reached by a timing clock
Related violations: <none>

TIMING-20#30 Warning
Non-clocked latch  
The latch U_dht_swclock_switch/data_d_reg[3] cannot be properly analyzed as its control pin U_dht_swclock_switch/data_d_reg[3]/G is not reached by a timing clock
Related violations: <none>

TIMING-20#31 Warning
Non-clocked latch  
The latch U_dht_swclock_switch/data_d_reg[4] cannot be properly analyzed as its control pin U_dht_swclock_switch/data_d_reg[4]/G is not reached by a timing clock
Related violations: <none>

TIMING-20#32 Warning
Non-clocked latch  
The latch U_dht_swclock_switch/data_d_reg[5] cannot be properly analyzed as its control pin U_dht_swclock_switch/data_d_reg[5]/G is not reached by a timing clock
Related violations: <none>

TIMING-20#33 Warning
Non-clocked latch  
The latch U_dht_swclock_switch/data_d_reg[6] cannot be properly analyzed as its control pin U_dht_swclock_switch/data_d_reg[6]/G is not reached by a timing clock
Related violations: <none>

TIMING-20#34 Warning
Non-clocked latch  
The latch U_dht_swclock_switch/data_d_reg[7] cannot be properly analyzed as its control pin U_dht_swclock_switch/data_d_reg[7]/G is not reached by a timing clock
Related violations: <none>

TIMING-20#35 Warning
Non-clocked latch  
The latch U_ultrasonic_top/U_ultrasonic/clk_cnt_echo_next_reg[0] cannot be properly analyzed as its control pin U_ultrasonic_top/U_ultrasonic/clk_cnt_echo_next_reg[0]/G is not reached by a timing clock
Related violations: <none>

TIMING-20#36 Warning
Non-clocked latch  
The latch U_ultrasonic_top/U_ultrasonic/clk_cnt_echo_next_reg[10] cannot be properly analyzed as its control pin U_ultrasonic_top/U_ultrasonic/clk_cnt_echo_next_reg[10]/G is not reached by a timing clock
Related violations: <none>

TIMING-20#37 Warning
Non-clocked latch  
The latch U_ultrasonic_top/U_ultrasonic/clk_cnt_echo_next_reg[11] cannot be properly analyzed as its control pin U_ultrasonic_top/U_ultrasonic/clk_cnt_echo_next_reg[11]/G is not reached by a timing clock
Related violations: <none>

TIMING-20#38 Warning
Non-clocked latch  
The latch U_ultrasonic_top/U_ultrasonic/clk_cnt_echo_next_reg[12] cannot be properly analyzed as its control pin U_ultrasonic_top/U_ultrasonic/clk_cnt_echo_next_reg[12]/G is not reached by a timing clock
Related violations: <none>

TIMING-20#39 Warning
Non-clocked latch  
The latch U_ultrasonic_top/U_ultrasonic/clk_cnt_echo_next_reg[13] cannot be properly analyzed as its control pin U_ultrasonic_top/U_ultrasonic/clk_cnt_echo_next_reg[13]/G is not reached by a timing clock
Related violations: <none>

TIMING-20#40 Warning
Non-clocked latch  
The latch U_ultrasonic_top/U_ultrasonic/clk_cnt_echo_next_reg[14] cannot be properly analyzed as its control pin U_ultrasonic_top/U_ultrasonic/clk_cnt_echo_next_reg[14]/G is not reached by a timing clock
Related violations: <none>

TIMING-20#41 Warning
Non-clocked latch  
The latch U_ultrasonic_top/U_ultrasonic/clk_cnt_echo_next_reg[15] cannot be properly analyzed as its control pin U_ultrasonic_top/U_ultrasonic/clk_cnt_echo_next_reg[15]/G is not reached by a timing clock
Related violations: <none>

TIMING-20#42 Warning
Non-clocked latch  
The latch U_ultrasonic_top/U_ultrasonic/clk_cnt_echo_next_reg[16] cannot be properly analyzed as its control pin U_ultrasonic_top/U_ultrasonic/clk_cnt_echo_next_reg[16]/G is not reached by a timing clock
Related violations: <none>

TIMING-20#43 Warning
Non-clocked latch  
The latch U_ultrasonic_top/U_ultrasonic/clk_cnt_echo_next_reg[17] cannot be properly analyzed as its control pin U_ultrasonic_top/U_ultrasonic/clk_cnt_echo_next_reg[17]/G is not reached by a timing clock
Related violations: <none>

TIMING-20#44 Warning
Non-clocked latch  
The latch U_ultrasonic_top/U_ultrasonic/clk_cnt_echo_next_reg[18] cannot be properly analyzed as its control pin U_ultrasonic_top/U_ultrasonic/clk_cnt_echo_next_reg[18]/G is not reached by a timing clock
Related violations: <none>

TIMING-20#45 Warning
Non-clocked latch  
The latch U_ultrasonic_top/U_ultrasonic/clk_cnt_echo_next_reg[19] cannot be properly analyzed as its control pin U_ultrasonic_top/U_ultrasonic/clk_cnt_echo_next_reg[19]/G is not reached by a timing clock
Related violations: <none>

TIMING-20#46 Warning
Non-clocked latch  
The latch U_ultrasonic_top/U_ultrasonic/clk_cnt_echo_next_reg[1] cannot be properly analyzed as its control pin U_ultrasonic_top/U_ultrasonic/clk_cnt_echo_next_reg[1]/G is not reached by a timing clock
Related violations: <none>

TIMING-20#47 Warning
Non-clocked latch  
The latch U_ultrasonic_top/U_ultrasonic/clk_cnt_echo_next_reg[20] cannot be properly analyzed as its control pin U_ultrasonic_top/U_ultrasonic/clk_cnt_echo_next_reg[20]/G is not reached by a timing clock
Related violations: <none>

TIMING-20#48 Warning
Non-clocked latch  
The latch U_ultrasonic_top/U_ultrasonic/clk_cnt_echo_next_reg[2] cannot be properly analyzed as its control pin U_ultrasonic_top/U_ultrasonic/clk_cnt_echo_next_reg[2]/G is not reached by a timing clock
Related violations: <none>

TIMING-20#49 Warning
Non-clocked latch  
The latch U_ultrasonic_top/U_ultrasonic/clk_cnt_echo_next_reg[3] cannot be properly analyzed as its control pin U_ultrasonic_top/U_ultrasonic/clk_cnt_echo_next_reg[3]/G is not reached by a timing clock
Related violations: <none>

TIMING-20#50 Warning
Non-clocked latch  
The latch U_ultrasonic_top/U_ultrasonic/clk_cnt_echo_next_reg[4] cannot be properly analyzed as its control pin U_ultrasonic_top/U_ultrasonic/clk_cnt_echo_next_reg[4]/G is not reached by a timing clock
Related violations: <none>

TIMING-20#51 Warning
Non-clocked latch  
The latch U_ultrasonic_top/U_ultrasonic/clk_cnt_echo_next_reg[5] cannot be properly analyzed as its control pin U_ultrasonic_top/U_ultrasonic/clk_cnt_echo_next_reg[5]/G is not reached by a timing clock
Related violations: <none>

TIMING-20#52 Warning
Non-clocked latch  
The latch U_ultrasonic_top/U_ultrasonic/clk_cnt_echo_next_reg[6] cannot be properly analyzed as its control pin U_ultrasonic_top/U_ultrasonic/clk_cnt_echo_next_reg[6]/G is not reached by a timing clock
Related violations: <none>

TIMING-20#53 Warning
Non-clocked latch  
The latch U_ultrasonic_top/U_ultrasonic/clk_cnt_echo_next_reg[7] cannot be properly analyzed as its control pin U_ultrasonic_top/U_ultrasonic/clk_cnt_echo_next_reg[7]/G is not reached by a timing clock
Related violations: <none>

TIMING-20#54 Warning
Non-clocked latch  
The latch U_ultrasonic_top/U_ultrasonic/clk_cnt_echo_next_reg[8] cannot be properly analyzed as its control pin U_ultrasonic_top/U_ultrasonic/clk_cnt_echo_next_reg[8]/G is not reached by a timing clock
Related violations: <none>

TIMING-20#55 Warning
Non-clocked latch  
The latch U_ultrasonic_top/U_ultrasonic/clk_cnt_echo_next_reg[9] cannot be properly analyzed as its control pin U_ultrasonic_top/U_ultrasonic/clk_cnt_echo_next_reg[9]/G is not reached by a timing clock
Related violations: <none>

TIMING-20#56 Warning
Non-clocked latch  
The latch U_ultrasonic_top/U_ultrasonic/clk_cnt_tr_next_reg[0] cannot be properly analyzed as its control pin U_ultrasonic_top/U_ultrasonic/clk_cnt_tr_next_reg[0]/G is not reached by a timing clock
Related violations: <none>

TIMING-20#57 Warning
Non-clocked latch  
The latch U_ultrasonic_top/U_ultrasonic/clk_cnt_tr_next_reg[10] cannot be properly analyzed as its control pin U_ultrasonic_top/U_ultrasonic/clk_cnt_tr_next_reg[10]/G is not reached by a timing clock
Related violations: <none>

TIMING-20#58 Warning
Non-clocked latch  
The latch U_ultrasonic_top/U_ultrasonic/clk_cnt_tr_next_reg[11] cannot be properly analyzed as its control pin U_ultrasonic_top/U_ultrasonic/clk_cnt_tr_next_reg[11]/G is not reached by a timing clock
Related violations: <none>

TIMING-20#59 Warning
Non-clocked latch  
The latch U_ultrasonic_top/U_ultrasonic/clk_cnt_tr_next_reg[12] cannot be properly analyzed as its control pin U_ultrasonic_top/U_ultrasonic/clk_cnt_tr_next_reg[12]/G is not reached by a timing clock
Related violations: <none>

TIMING-20#60 Warning
Non-clocked latch  
The latch U_ultrasonic_top/U_ultrasonic/clk_cnt_tr_next_reg[13] cannot be properly analyzed as its control pin U_ultrasonic_top/U_ultrasonic/clk_cnt_tr_next_reg[13]/G is not reached by a timing clock
Related violations: <none>

TIMING-20#61 Warning
Non-clocked latch  
The latch U_ultrasonic_top/U_ultrasonic/clk_cnt_tr_next_reg[14] cannot be properly analyzed as its control pin U_ultrasonic_top/U_ultrasonic/clk_cnt_tr_next_reg[14]/G is not reached by a timing clock
Related violations: <none>

TIMING-20#62 Warning
Non-clocked latch  
The latch U_ultrasonic_top/U_ultrasonic/clk_cnt_tr_next_reg[15] cannot be properly analyzed as its control pin U_ultrasonic_top/U_ultrasonic/clk_cnt_tr_next_reg[15]/G is not reached by a timing clock
Related violations: <none>

TIMING-20#63 Warning
Non-clocked latch  
The latch U_ultrasonic_top/U_ultrasonic/clk_cnt_tr_next_reg[16] cannot be properly analyzed as its control pin U_ultrasonic_top/U_ultrasonic/clk_cnt_tr_next_reg[16]/G is not reached by a timing clock
Related violations: <none>

TIMING-20#64 Warning
Non-clocked latch  
The latch U_ultrasonic_top/U_ultrasonic/clk_cnt_tr_next_reg[17] cannot be properly analyzed as its control pin U_ultrasonic_top/U_ultrasonic/clk_cnt_tr_next_reg[17]/G is not reached by a timing clock
Related violations: <none>

TIMING-20#65 Warning
Non-clocked latch  
The latch U_ultrasonic_top/U_ultrasonic/clk_cnt_tr_next_reg[18] cannot be properly analyzed as its control pin U_ultrasonic_top/U_ultrasonic/clk_cnt_tr_next_reg[18]/G is not reached by a timing clock
Related violations: <none>

TIMING-20#66 Warning
Non-clocked latch  
The latch U_ultrasonic_top/U_ultrasonic/clk_cnt_tr_next_reg[19] cannot be properly analyzed as its control pin U_ultrasonic_top/U_ultrasonic/clk_cnt_tr_next_reg[19]/G is not reached by a timing clock
Related violations: <none>

TIMING-20#67 Warning
Non-clocked latch  
The latch U_ultrasonic_top/U_ultrasonic/clk_cnt_tr_next_reg[1] cannot be properly analyzed as its control pin U_ultrasonic_top/U_ultrasonic/clk_cnt_tr_next_reg[1]/G is not reached by a timing clock
Related violations: <none>

TIMING-20#68 Warning
Non-clocked latch  
The latch U_ultrasonic_top/U_ultrasonic/clk_cnt_tr_next_reg[20] cannot be properly analyzed as its control pin U_ultrasonic_top/U_ultrasonic/clk_cnt_tr_next_reg[20]/G is not reached by a timing clock
Related violations: <none>

TIMING-20#69 Warning
Non-clocked latch  
The latch U_ultrasonic_top/U_ultrasonic/clk_cnt_tr_next_reg[2] cannot be properly analyzed as its control pin U_ultrasonic_top/U_ultrasonic/clk_cnt_tr_next_reg[2]/G is not reached by a timing clock
Related violations: <none>

TIMING-20#70 Warning
Non-clocked latch  
The latch U_ultrasonic_top/U_ultrasonic/clk_cnt_tr_next_reg[3] cannot be properly analyzed as its control pin U_ultrasonic_top/U_ultrasonic/clk_cnt_tr_next_reg[3]/G is not reached by a timing clock
Related violations: <none>

TIMING-20#71 Warning
Non-clocked latch  
The latch U_ultrasonic_top/U_ultrasonic/clk_cnt_tr_next_reg[4] cannot be properly analyzed as its control pin U_ultrasonic_top/U_ultrasonic/clk_cnt_tr_next_reg[4]/G is not reached by a timing clock
Related violations: <none>

TIMING-20#72 Warning
Non-clocked latch  
The latch U_ultrasonic_top/U_ultrasonic/clk_cnt_tr_next_reg[5] cannot be properly analyzed as its control pin U_ultrasonic_top/U_ultrasonic/clk_cnt_tr_next_reg[5]/G is not reached by a timing clock
Related violations: <none>

TIMING-20#73 Warning
Non-clocked latch  
The latch U_ultrasonic_top/U_ultrasonic/clk_cnt_tr_next_reg[6] cannot be properly analyzed as its control pin U_ultrasonic_top/U_ultrasonic/clk_cnt_tr_next_reg[6]/G is not reached by a timing clock
Related violations: <none>

TIMING-20#74 Warning
Non-clocked latch  
The latch U_ultrasonic_top/U_ultrasonic/clk_cnt_tr_next_reg[7] cannot be properly analyzed as its control pin U_ultrasonic_top/U_ultrasonic/clk_cnt_tr_next_reg[7]/G is not reached by a timing clock
Related violations: <none>

TIMING-20#75 Warning
Non-clocked latch  
The latch U_ultrasonic_top/U_ultrasonic/clk_cnt_tr_next_reg[8] cannot be properly analyzed as its control pin U_ultrasonic_top/U_ultrasonic/clk_cnt_tr_next_reg[8]/G is not reached by a timing clock
Related violations: <none>

TIMING-20#76 Warning
Non-clocked latch  
The latch U_ultrasonic_top/U_ultrasonic/clk_cnt_tr_next_reg[9] cannot be properly analyzed as its control pin U_ultrasonic_top/U_ultrasonic/clk_cnt_tr_next_reg[9]/G is not reached by a timing clock
Related violations: <none>

TIMING-20#77 Warning
Non-clocked latch  
The latch U_ultrasonic_top/U_ultrasonic/distance_next_reg[0] cannot be properly analyzed as its control pin U_ultrasonic_top/U_ultrasonic/distance_next_reg[0]/G is not reached by a timing clock
Related violations: <none>

TIMING-20#78 Warning
Non-clocked latch  
The latch U_ultrasonic_top/U_ultrasonic/distance_next_reg[1] cannot be properly analyzed as its control pin U_ultrasonic_top/U_ultrasonic/distance_next_reg[1]/G is not reached by a timing clock
Related violations: <none>

TIMING-20#79 Warning
Non-clocked latch  
The latch U_ultrasonic_top/U_ultrasonic/distance_next_reg[2] cannot be properly analyzed as its control pin U_ultrasonic_top/U_ultrasonic/distance_next_reg[2]/G is not reached by a timing clock
Related violations: <none>

TIMING-20#80 Warning
Non-clocked latch  
The latch U_ultrasonic_top/U_ultrasonic/distance_next_reg[3] cannot be properly analyzed as its control pin U_ultrasonic_top/U_ultrasonic/distance_next_reg[3]/G is not reached by a timing clock
Related violations: <none>

TIMING-20#81 Warning
Non-clocked latch  
The latch U_ultrasonic_top/U_ultrasonic/distance_next_reg[4] cannot be properly analyzed as its control pin U_ultrasonic_top/U_ultrasonic/distance_next_reg[4]/G is not reached by a timing clock
Related violations: <none>

TIMING-20#82 Warning
Non-clocked latch  
The latch U_ultrasonic_top/U_ultrasonic/distance_next_reg[5] cannot be properly analyzed as its control pin U_ultrasonic_top/U_ultrasonic/distance_next_reg[5]/G is not reached by a timing clock
Related violations: <none>

TIMING-20#83 Warning
Non-clocked latch  
The latch U_ultrasonic_top/U_ultrasonic/distance_next_reg[6] cannot be properly analyzed as its control pin U_ultrasonic_top/U_ultrasonic/distance_next_reg[6]/G is not reached by a timing clock
Related violations: <none>

TIMING-20#84 Warning
Non-clocked latch  
The latch U_ultrasonic_top/U_ultrasonic/distance_next_reg[7] cannot be properly analyzed as its control pin U_ultrasonic_top/U_ultrasonic/distance_next_reg[7]/G is not reached by a timing clock
Related violations: <none>

TIMING-20#85 Warning
Non-clocked latch  
The latch U_ultrasonic_top/U_ultrasonic/distance_next_reg[8] cannot be properly analyzed as its control pin U_ultrasonic_top/U_ultrasonic/distance_next_reg[8]/G is not reached by a timing clock
Related violations: <none>


